Rehearsal ------------------------------------------------------------
Benchmark empty_propval: start
done
  0.118579   0.009928   0.128507 (  0.128507)
--------------------------------------------------- total: 0.128507sec

                               user     system      total        real
Benchmark empty_propval: start
done
  0.000063   0.000009   0.000072 (  0.000071)


Rehearsal ------------------------------------------------------------
Benchmark paris_eastern: start
done
  0.014122   0.002016   0.016138 (  0.016044)
--------------------------------------------------- total: 0.016138sec

                               user     system      total        real
Benchmark paris_eastern: start
done
  0.000143   0.000018   0.000161 (  0.000161)


Rehearsal ------------------------------------------------------------------
Benchmark penultimate_weekday:   0.024957   0.002994   0.027951 (  0.027951)
--------------------------------------------------------- total: 0.027951sec

                                     user     system      total        real
Benchmark penultimate_weekday:   0.008436   0.000052   0.008488 (  0.008487)


Rehearsal -----------------------------------------------------------
Benchmark psm_big_enum:   0.211123   0.006014   0.217137 (  0.217137)
-------------------------------------------------- total: 0.217137sec

                              user     system      total        real
Benchmark psm_big_enum:   0.188550   0.000026   0.188576 (  0.188578)


Rehearsal -----------------------------------------------------------
Benchmark utah_cycling:   0.000000   0.000000   0.000000 (  0.000000)
-------------------------------------------------- total: 0.000000sec

                              user     system      total        real
Benchmark utah_cycling:   0.000000   0.000000   0.000000 (  0.000000)


